plugins/Condetri/example//output	500	75500	0	0	0	0
